 cpu0.read_reqs : Accumulator : Sum.u64 = 100000; SumSQ.u64 = 100000; Count.u64 = 100000; Min.u64 = 1; Max.u64 = 1; 
 cpu0.write_reqs : Accumulator : Sum.u64 = 100000; SumSQ.u64 = 100000; Count.u64 = 100000; Min.u64 = 1; Max.u64 = 1; 
 cpu0.custom_reqs : Accumulator : Sum.u64 = 0; SumSQ.u64 = 0; Count.u64 = 0; Min.u64 = 0; Max.u64 = 0; 
 cpu0.split_read_reqs : Accumulator : Sum.u64 = 0; SumSQ.u64 = 0; Count.u64 = 0; Min.u64 = 0; Max.u64 = 0; 
 cpu0.split_write_reqs : Accumulator : Sum.u64 = 0; SumSQ.u64 = 0; Count.u64 = 0; Min.u64 = 0; Max.u64 = 0; 
 cpu0.split_custom_reqs : Accumulator : Sum.u64 = 0; SumSQ.u64 = 0; Count.u64 = 0; Min.u64 = 0; Max.u64 = 0; 
 cpu0.cycles_with_issue : Accumulator : Sum.u64 = 199993; SumSQ.u64 = 199993; Count.u64 = 199993; Min.u64 = 1; Max.u64 = 1; 
 cpu0.cycles_no_issue : Accumulator : Sum.u64 = 654504; SumSQ.u64 = 654504; Count.u64 = 654504; Min.u64 = 1; Max.u64 = 1; 
 cpu0.total_bytes_read : Accumulator : Sum.u64 = 800000; SumSQ.u64 = 6400000; Count.u64 = 100000; Min.u64 = 8; Max.u64 = 8; 
 cpu0.total_bytes_write : Accumulator : Sum.u64 = 800000; SumSQ.u64 = 6400000; Count.u64 = 100000; Min.u64 = 8; Max.u64 = 8; 
 cpu0.total_bytes_custom : Accumulator : Sum.u64 = 0; SumSQ.u64 = 0; Count.u64 = 0; Min.u64 = 0; Max.u64 = 0; 
 cpu0.req_latency : Accumulator : Sum.u64 = 8252035; SumSQ.u64 = 1132100093; Count.u64 = 200000; Min.u64 = 1; Max.u64 = 1002; 
 cpu0.time : Accumulator : Sum.u64 = 427249; SumSQ.u64 = 182541708001; Count.u64 = 1; Min.u64 = 427249; Max.u64 = 427249; 
 cpu0.cycles_hit_fence : Accumulator : Sum.u64 = 0; SumSQ.u64 = 0; Count.u64 = 0; Min.u64 = 0; Max.u64 = 0; 
 cpu0.cycles_max_issue : Accumulator : Sum.u64 = 7; SumSQ.u64 = 7; Count.u64 = 7; Min.u64 = 1; Max.u64 = 1; 
 cpu0.cycles_max_reorder : Accumulator : Sum.u64 = 99986; SumSQ.u64 = 99986; Count.u64 = 99986; Min.u64 = 1; Max.u64 = 1; 
 cpu0.cycles : Accumulator : Sum.u64 = 854498; SumSQ.u64 = 854498; Count.u64 = 854498; Min.u64 = 1; Max.u64 = 1; 
 cpu1.read_reqs : Accumulator : Sum.u64 = 100000; SumSQ.u64 = 100000; Count.u64 = 100000; Min.u64 = 1; Max.u64 = 1; 
 cpu1.write_reqs : Accumulator : Sum.u64 = 100000; SumSQ.u64 = 100000; Count.u64 = 100000; Min.u64 = 1; Max.u64 = 1; 
 cpu1.custom_reqs : Accumulator : Sum.u64 = 0; SumSQ.u64 = 0; Count.u64 = 0; Min.u64 = 0; Max.u64 = 0; 
 cpu1.split_read_reqs : Accumulator : Sum.u64 = 0; SumSQ.u64 = 0; Count.u64 = 0; Min.u64 = 0; Max.u64 = 0; 
 cpu1.split_write_reqs : Accumulator : Sum.u64 = 0; SumSQ.u64 = 0; Count.u64 = 0; Min.u64 = 0; Max.u64 = 0; 
 cpu1.split_custom_reqs : Accumulator : Sum.u64 = 0; SumSQ.u64 = 0; Count.u64 = 0; Min.u64 = 0; Max.u64 = 0; 
 cpu1.cycles_with_issue : Accumulator : Sum.u64 = 199992; SumSQ.u64 = 199992; Count.u64 = 199992; Min.u64 = 1; Max.u64 = 1; 
 cpu1.cycles_no_issue : Accumulator : Sum.u64 = 801791; SumSQ.u64 = 801791; Count.u64 = 801791; Min.u64 = 1; Max.u64 = 1; 
 cpu1.total_bytes_read : Accumulator : Sum.u64 = 800000; SumSQ.u64 = 6400000; Count.u64 = 100000; Min.u64 = 8; Max.u64 = 8; 
 cpu1.total_bytes_write : Accumulator : Sum.u64 = 800000; SumSQ.u64 = 6400000; Count.u64 = 100000; Min.u64 = 8; Max.u64 = 8; 
 cpu1.total_bytes_custom : Accumulator : Sum.u64 = 0; SumSQ.u64 = 0; Count.u64 = 0; Min.u64 = 0; Max.u64 = 0; 
 cpu1.req_latency : Accumulator : Sum.u64 = 9143510; SumSQ.u64 = 1224476380; Count.u64 = 200000; Min.u64 = 1; Max.u64 = 1011; 
 cpu1.time : Accumulator : Sum.u64 = 500892; SumSQ.u64 = 250892795664; Count.u64 = 1; Min.u64 = 500892; Max.u64 = 500892; 
 cpu1.cycles_hit_fence : Accumulator : Sum.u64 = 0; SumSQ.u64 = 0; Count.u64 = 0; Min.u64 = 0; Max.u64 = 0; 
 cpu1.cycles_max_issue : Accumulator : Sum.u64 = 7; SumSQ.u64 = 7; Count.u64 = 7; Min.u64 = 1; Max.u64 = 1; 
 cpu1.cycles_max_reorder : Accumulator : Sum.u64 = 99986; SumSQ.u64 = 99986; Count.u64 = 99986; Min.u64 = 1; Max.u64 = 1; 
 cpu1.cycles : Accumulator : Sum.u64 = 1001784; SumSQ.u64 = 1001784; Count.u64 = 1001784; Min.u64 = 1; Max.u64 = 1; 
 l1cache0.prefetch_opportunities : Accumulator : Sum.u64 = 76418; SumSQ.u64 = 76418; Count.u64 = 76418; Min.u64 = 1; Max.u64 = 1; 
 l1cache0.prefetches_issued : Accumulator : Sum.u64 = 66981; SumSQ.u64 = 66981; Count.u64 = 66981; Min.u64 = 1; Max.u64 = 1; 
 l1cache0.prefetches_canceled_by_page_boundary : Accumulator : Sum.u64 = 1308; SumSQ.u64 = 1308; Count.u64 = 1308; Min.u64 = 1; Max.u64 = 1; 
 l1cache0.prefetches_canceled_by_history : Accumulator : Sum.u64 = 9437; SumSQ.u64 = 9437; Count.u64 = 9437; Min.u64 = 1; Max.u64 = 1; 
 l1cache0.Prefetch_requests : Accumulator : Sum.u64 = 66981; SumSQ.u64 = 66981; Count.u64 = 66981; Min.u64 = 1; Max.u64 = 1; 
 l1cache0.Prefetch_drops : Accumulator : Sum.u64 = 139; SumSQ.u64 = 139; Count.u64 = 139; Min.u64 = 1; Max.u64 = 1; 
 l1cache0.TotalEventsReceived : Accumulator : Sum.u64 = 604245; SumSQ.u64 = 604245; Count.u64 = 604245; Min.u64 = 1; Max.u64 = 1; 
 l1cache0.TotalEventsReplayed : Accumulator : Sum.u64 = 20720; SumSQ.u64 = 20720; Count.u64 = 20720; Min.u64 = 1; Max.u64 = 1; 
 l1cache0.TotalNoncacheableEventsReceived : Accumulator : Sum.u64 = 0; SumSQ.u64 = 0; Count.u64 = 0; Min.u64 = 0; Max.u64 = 0; 
 l1cache0.CacheHits : Accumulator : Sum.u64 = 98145; SumSQ.u64 = 98145; Count.u64 = 98145; Min.u64 = 1; Max.u64 = 1; 
 l1cache0.GetSHit_Arrival : Accumulator : Sum.u64 = 3819; SumSQ.u64 = 3819; Count.u64 = 3819; Min.u64 = 1; Max.u64 = 1; 
 l1cache0.GetXHit_Arrival : Accumulator : Sum.u64 = 94325; SumSQ.u64 = 94325; Count.u64 = 94325; Min.u64 = 1; Max.u64 = 1; 
 l1cache0.GetSXHit_Arrival : Accumulator : Sum.u64 = 0; SumSQ.u64 = 0; Count.u64 = 0; Min.u64 = 0; Max.u64 = 0; 
 l1cache0.GetSHit_Blocked : Accumulator : Sum.u64 = 1; SumSQ.u64 = 1; Count.u64 = 1; Min.u64 = 1; Max.u64 = 1; 
 l1cache0.GetXHit_Blocked : Accumulator : Sum.u64 = 0; SumSQ.u64 = 0; Count.u64 = 0; Min.u64 = 0; Max.u64 = 0; 
 l1cache0.GetSXHit_Blocked : Accumulator : Sum.u64 = 0; SumSQ.u64 = 0; Count.u64 = 0; Min.u64 = 0; Max.u64 = 0; 
 l1cache0.CacheMisses : Accumulator : Sum.u64 = 168697; SumSQ.u64 = 168697; Count.u64 = 168697; Min.u64 = 1; Max.u64 = 1; 
 l1cache0.GetSMiss_Arrival : Accumulator : Sum.u64 = 163021; SumSQ.u64 = 163021; Count.u64 = 163021; Min.u64 = 1; Max.u64 = 1; 
 l1cache0.GetXMiss_Arrival : Accumulator : Sum.u64 = 2; SumSQ.u64 = 2; Count.u64 = 2; Min.u64 = 1; Max.u64 = 1; 
 l1cache0.GetSXMiss_Arrival : Accumulator : Sum.u64 = 0; SumSQ.u64 = 0; Count.u64 = 0; Min.u64 = 0; Max.u64 = 0; 
 l1cache0.GetSMiss_Blocked : Accumulator : Sum.u64 = 1; SumSQ.u64 = 1; Count.u64 = 1; Min.u64 = 1; Max.u64 = 1; 
 l1cache0.GetXMiss_Blocked : Accumulator : Sum.u64 = 5673; SumSQ.u64 = 5673; Count.u64 = 5673; Min.u64 = 1; Max.u64 = 1; 
 l1cache0.GetSXMiss_Blocked : Accumulator : Sum.u64 = 0; SumSQ.u64 = 0; Count.u64 = 0; Min.u64 = 0; Max.u64 = 0; 
 l1cache0.GetS_recv : Accumulator : Sum.u64 = 166981; SumSQ.u64 = 166981; Count.u64 = 166981; Min.u64 = 1; Max.u64 = 1; 
 l1cache0.GetX_recv : Accumulator : Sum.u64 = 100000; SumSQ.u64 = 100000; Count.u64 = 100000; Min.u64 = 1; Max.u64 = 1; 
 l1cache0.GetSX_recv : Accumulator : Sum.u64 = 0; SumSQ.u64 = 0; Count.u64 = 0; Min.u64 = 0; Max.u64 = 0; 
 l1cache0.GetSResp_recv : Accumulator : Sum.u64 = 4; SumSQ.u64 = 4; Count.u64 = 4; Min.u64 = 1; Max.u64 = 1; 
 l1cache0.GetXResp_recv : Accumulator : Sum.u64 = 168693; SumSQ.u64 = 168693; Count.u64 = 168693; Min.u64 = 1; Max.u64 = 1; 
 l1cache0.PutS_recv : Accumulator : Sum.u64 = 0; SumSQ.u64 = 0; Count.u64 = 0; Min.u64 = 0; Max.u64 = 0; 
 l1cache0.PutM_recv : Accumulator : Sum.u64 = 0; SumSQ.u64 = 0; Count.u64 = 0; Min.u64 = 0; Max.u64 = 0; 
 l1cache0.PutE_recv : Accumulator : Sum.u64 = 0; SumSQ.u64 = 0; Count.u64 = 0; Min.u64 = 0; Max.u64 = 0; 
 l1cache0.FetchInv_recv : Accumulator : Sum.u64 = 0; SumSQ.u64 = 0; Count.u64 = 0; Min.u64 = 0; Max.u64 = 0; 
 l1cache0.FetchInvX_recv : Accumulator : Sum.u64 = 0; SumSQ.u64 = 0; Count.u64 = 0; Min.u64 = 0; Max.u64 = 0; 
 l1cache0.Inv_recv : Accumulator : Sum.u64 = 0; SumSQ.u64 = 0; Count.u64 = 0; Min.u64 = 0; Max.u64 = 0; 
 l1cache0.NACK_recv : Accumulator : Sum.u64 = 0; SumSQ.u64 = 0; Count.u64 = 0; Min.u64 = 0; Max.u64 = 0; 
 l1cache0.MSHR_occupancy : Accumulator : Sum.u64 = 24685971; SumSQ.u64 = 725686181; Count.u64 = 1001784; Min.u64 = 0; Max.u64 = 45; 
 l1cache0.Bank_conflicts : Accumulator : Sum.u64 = 0; SumSQ.u64 = 0; Count.u64 = 0; Min.u64 = 0; Max.u64 = 0; 
 l1cache0.evict_I : Accumulator : Sum.u64 = 0; SumSQ.u64 = 0; Count.u64 = 0; Min.u64 = 0; Max.u64 = 0; 
 l1cache0.evict_E : Accumulator : Sum.u64 = 68651; SumSQ.u64 = 68651; Count.u64 = 68651; Min.u64 = 1; Max.u64 = 1; 
 l1cache0.evict_M : Accumulator : Sum.u64 = 99914; SumSQ.u64 = 99914; Count.u64 = 99914; Min.u64 = 1; Max.u64 = 1; 
 l1cache0.evict_IS : Accumulator : Sum.u64 = 0; SumSQ.u64 = 0; Count.u64 = 0; Min.u64 = 0; Max.u64 = 0; 
 l1cache0.evict_IM : Accumulator : Sum.u64 = 0; SumSQ.u64 = 0; Count.u64 = 0; Min.u64 = 0; Max.u64 = 0; 
 l1cache0.evict_IB : Accumulator : Sum.u64 = 0; SumSQ.u64 = 0; Count.u64 = 0; Min.u64 = 0; Max.u64 = 0; 
 l1cache0.evict_SB : Accumulator : Sum.u64 = 0; SumSQ.u64 = 0; Count.u64 = 0; Min.u64 = 0; Max.u64 = 0; 
 l1cache0.latency_GetS_IS : Accumulator : Sum.u64 = 21838308; SumSQ.u64 = 4811780082; Count.u64 = 163022; Min.u64 = 17; Max.u64 = 1622; 
 l1cache0.latency_GetS_M : Accumulator : Sum.u64 = 0; SumSQ.u64 = 0; Count.u64 = 0; Min.u64 = 0; Max.u64 = 0; 
 l1cache0.latency_GetX_IM : Accumulator : Sum.u64 = 2846730; SumSQ.u64 = 1571705940; Count.u64 = 5673; Min.u64 = 64; Max.u64 = 2004; 
 l1cache0.latency_GetX_SM : Accumulator : Sum.u64 = 510; SumSQ.u64 = 207668; Count.u64 = 2; Min.u64 = 58; Max.u64 = 452; 
 l1cache0.latency_GetX_M : Accumulator : Sum.u64 = 0; SumSQ.u64 = 0; Count.u64 = 0; Min.u64 = 0; Max.u64 = 0; 
 l1cache0.latency_GetSX_IM : Accumulator : Sum.u64 = 0; SumSQ.u64 = 0; Count.u64 = 0; Min.u64 = 0; Max.u64 = 0; 
 l1cache0.latency_GetSX_SM : Accumulator : Sum.u64 = 0; SumSQ.u64 = 0; Count.u64 = 0; Min.u64 = 0; Max.u64 = 0; 
 l1cache0.latency_GetSX_M : Accumulator : Sum.u64 = 0; SumSQ.u64 = 0; Count.u64 = 0; Min.u64 = 0; Max.u64 = 0; 
 l1cache0.EventStalledForLockedCacheline : Accumulator : Sum.u64 = 0; SumSQ.u64 = 0; Count.u64 = 0; Min.u64 = 0; Max.u64 = 0; 
 l1cache0.evict_S : Accumulator : Sum.u64 = 2; SumSQ.u64 = 2; Count.u64 = 2; Min.u64 = 1; Max.u64 = 1; 
 l1cache0.evict_SM : Accumulator : Sum.u64 = 0; SumSQ.u64 = 0; Count.u64 = 0; Min.u64 = 0; Max.u64 = 0; 
 l1cache0.stateEvent_GetS_I : Accumulator : Sum.u64 = 163022; SumSQ.u64 = 163022; Count.u64 = 163022; Min.u64 = 1; Max.u64 = 1; 
 l1cache0.stateEvent_GetS_S : Accumulator : Sum.u64 = 0; SumSQ.u64 = 0; Count.u64 = 0; Min.u64 = 0; Max.u64 = 0; 
 l1cache0.stateEvent_GetS_M : Accumulator : Sum.u64 = 7; SumSQ.u64 = 7; Count.u64 = 7; Min.u64 = 1; Max.u64 = 1; 
 l1cache0.stateEvent_GetX_I : Accumulator : Sum.u64 = 5673; SumSQ.u64 = 5673; Count.u64 = 5673; Min.u64 = 1; Max.u64 = 1; 
 l1cache0.stateEvent_GetX_S : Accumulator : Sum.u64 = 2; SumSQ.u64 = 2; Count.u64 = 2; Min.u64 = 1; Max.u64 = 1; 
 l1cache0.stateEvent_GetX_M : Accumulator : Sum.u64 = 1; SumSQ.u64 = 1; Count.u64 = 1; Min.u64 = 1; Max.u64 = 1; 
 l1cache0.stateEvent_GetSX_I : Accumulator : Sum.u64 = 0; SumSQ.u64 = 0; Count.u64 = 0; Min.u64 = 0; Max.u64 = 0; 
 l1cache0.stateEvent_GetSX_S : Accumulator : Sum.u64 = 0; SumSQ.u64 = 0; Count.u64 = 0; Min.u64 = 0; Max.u64 = 0; 
 l1cache0.stateEvent_GetSX_M : Accumulator : Sum.u64 = 0; SumSQ.u64 = 0; Count.u64 = 0; Min.u64 = 0; Max.u64 = 0; 
 l1cache0.stateEvent_GetSResp_IS : Accumulator : Sum.u64 = 4; SumSQ.u64 = 4; Count.u64 = 4; Min.u64 = 1; Max.u64 = 1; 
 l1cache0.stateEvent_GetXResp_IS : Accumulator : Sum.u64 = 163018; SumSQ.u64 = 163018; Count.u64 = 163018; Min.u64 = 1; Max.u64 = 1; 
 l1cache0.stateEvent_GetXResp_IM : Accumulator : Sum.u64 = 5673; SumSQ.u64 = 5673; Count.u64 = 5673; Min.u64 = 1; Max.u64 = 1; 
 l1cache0.stateEvent_GetXResp_SM : Accumulator : Sum.u64 = 2; SumSQ.u64 = 2; Count.u64 = 2; Min.u64 = 1; Max.u64 = 1; 
 l1cache0.stateEvent_Inv_I : Accumulator : Sum.u64 = 0; SumSQ.u64 = 0; Count.u64 = 0; Min.u64 = 0; Max.u64 = 0; 
 l1cache0.stateEvent_Inv_S : Accumulator : Sum.u64 = 0; SumSQ.u64 = 0; Count.u64 = 0; Min.u64 = 0; Max.u64 = 0; 
 l1cache0.stateEvent_Inv_IS : Accumulator : Sum.u64 = 0; SumSQ.u64 = 0; Count.u64 = 0; Min.u64 = 0; Max.u64 = 0; 
 l1cache0.stateEvent_Inv_IM : Accumulator : Sum.u64 = 0; SumSQ.u64 = 0; Count.u64 = 0; Min.u64 = 0; Max.u64 = 0; 
 l1cache0.stateEvent_Inv_SM : Accumulator : Sum.u64 = 0; SumSQ.u64 = 0; Count.u64 = 0; Min.u64 = 0; Max.u64 = 0; 
 l1cache0.stateEvent_Inv_SB : Accumulator : Sum.u64 = 0; SumSQ.u64 = 0; Count.u64 = 0; Min.u64 = 0; Max.u64 = 0; 
 l1cache0.stateEvent_Inv_IB : Accumulator : Sum.u64 = 0; SumSQ.u64 = 0; Count.u64 = 0; Min.u64 = 0; Max.u64 = 0; 
 l1cache0.stateEvent_FetchInvX_I : Accumulator : Sum.u64 = 0; SumSQ.u64 = 0; Count.u64 = 0; Min.u64 = 0; Max.u64 = 0; 
 l1cache0.stateEvent_FetchInvX_M : Accumulator : Sum.u64 = 0; SumSQ.u64 = 0; Count.u64 = 0; Min.u64 = 0; Max.u64 = 0; 
 l1cache0.stateEvent_FetchInvX_IS : Accumulator : Sum.u64 = 0; SumSQ.u64 = 0; Count.u64 = 0; Min.u64 = 0; Max.u64 = 0; 
 l1cache0.stateEvent_FetchInvX_IM : Accumulator : Sum.u64 = 0; SumSQ.u64 = 0; Count.u64 = 0; Min.u64 = 0; Max.u64 = 0; 
 l1cache0.stateEvent_FetchInvX_SB : Accumulator : Sum.u64 = 0; SumSQ.u64 = 0; Count.u64 = 0; Min.u64 = 0; Max.u64 = 0; 
 l1cache0.stateEvent_FetchInvX_IB : Accumulator : Sum.u64 = 0; SumSQ.u64 = 0; Count.u64 = 0; Min.u64 = 0; Max.u64 = 0; 
 l1cache0.stateEvent_Fetch_I : Accumulator : Sum.u64 = 0; SumSQ.u64 = 0; Count.u64 = 0; Min.u64 = 0; Max.u64 = 0; 
 l1cache0.stateEvent_Fetch_S : Accumulator : Sum.u64 = 0; SumSQ.u64 = 0; Count.u64 = 0; Min.u64 = 0; Max.u64 = 0; 
 l1cache0.stateEvent_Fetch_IS : Accumulator : Sum.u64 = 0; SumSQ.u64 = 0; Count.u64 = 0; Min.u64 = 0; Max.u64 = 0; 
 l1cache0.stateEvent_Fetch_IM : Accumulator : Sum.u64 = 0; SumSQ.u64 = 0; Count.u64 = 0; Min.u64 = 0; Max.u64 = 0; 
 l1cache0.stateEvent_Fetch_SM : Accumulator : Sum.u64 = 0; SumSQ.u64 = 0; Count.u64 = 0; Min.u64 = 0; Max.u64 = 0; 
 l1cache0.stateEvent_Fetch_IB : Accumulator : Sum.u64 = 0; SumSQ.u64 = 0; Count.u64 = 0; Min.u64 = 0; Max.u64 = 0; 
 l1cache0.stateEvent_Fetch_SB : Accumulator : Sum.u64 = 0; SumSQ.u64 = 0; Count.u64 = 0; Min.u64 = 0; Max.u64 = 0; 
 l1cache0.stateEvent_FetchInv_I : Accumulator : Sum.u64 = 0; SumSQ.u64 = 0; Count.u64 = 0; Min.u64 = 0; Max.u64 = 0; 
 l1cache0.stateEvent_FetchInv_S : Accumulator : Sum.u64 = 0; SumSQ.u64 = 0; Count.u64 = 0; Min.u64 = 0; Max.u64 = 0; 
 l1cache0.stateEvent_FetchInv_M : Accumulator : Sum.u64 = 0; SumSQ.u64 = 0; Count.u64 = 0; Min.u64 = 0; Max.u64 = 0; 
 l1cache0.stateEvent_FetchInv_IS : Accumulator : Sum.u64 = 0; SumSQ.u64 = 0; Count.u64 = 0; Min.u64 = 0; Max.u64 = 0; 
 l1cache0.stateEvent_FetchInv_IM : Accumulator : Sum.u64 = 0; SumSQ.u64 = 0; Count.u64 = 0; Min.u64 = 0; Max.u64 = 0; 
 l1cache0.stateEvent_FetchInv_SM : Accumulator : Sum.u64 = 0; SumSQ.u64 = 0; Count.u64 = 0; Min.u64 = 0; Max.u64 = 0; 
 l1cache0.stateEvent_FetchInv_SB : Accumulator : Sum.u64 = 0; SumSQ.u64 = 0; Count.u64 = 0; Min.u64 = 0; Max.u64 = 0; 
 l1cache0.stateEvent_FetchInv_IB : Accumulator : Sum.u64 = 0; SumSQ.u64 = 0; Count.u64 = 0; Min.u64 = 0; Max.u64 = 0; 
 l1cache0.stateEvent_FlushLine_I : Accumulator : Sum.u64 = 0; SumSQ.u64 = 0; Count.u64 = 0; Min.u64 = 0; Max.u64 = 0; 
 l1cache0.stateEvent_FlushLine_S : Accumulator : Sum.u64 = 0; SumSQ.u64 = 0; Count.u64 = 0; Min.u64 = 0; Max.u64 = 0; 
 l1cache0.stateEvent_FlushLine_M : Accumulator : Sum.u64 = 0; SumSQ.u64 = 0; Count.u64 = 0; Min.u64 = 0; Max.u64 = 0; 
 l1cache0.stateEvent_FlushLine_IS : Accumulator : Sum.u64 = 0; SumSQ.u64 = 0; Count.u64 = 0; Min.u64 = 0; Max.u64 = 0; 
 l1cache0.stateEvent_FlushLine_IM : Accumulator : Sum.u64 = 0; SumSQ.u64 = 0; Count.u64 = 0; Min.u64 = 0; Max.u64 = 0; 
 l1cache0.stateEvent_FlushLine_SM : Accumulator : Sum.u64 = 0; SumSQ.u64 = 0; Count.u64 = 0; Min.u64 = 0; Max.u64 = 0; 
 l1cache0.stateEvent_FlushLine_IB : Accumulator : Sum.u64 = 0; SumSQ.u64 = 0; Count.u64 = 0; Min.u64 = 0; Max.u64 = 0; 
 l1cache0.stateEvent_FlushLine_SB : Accumulator : Sum.u64 = 0; SumSQ.u64 = 0; Count.u64 = 0; Min.u64 = 0; Max.u64 = 0; 
 l1cache0.stateEvent_FlushLineInv_I : Accumulator : Sum.u64 = 0; SumSQ.u64 = 0; Count.u64 = 0; Min.u64 = 0; Max.u64 = 0; 
 l1cache0.stateEvent_FlushLineInv_S : Accumulator : Sum.u64 = 0; SumSQ.u64 = 0; Count.u64 = 0; Min.u64 = 0; Max.u64 = 0; 
 l1cache0.stateEvent_FlushLineInv_M : Accumulator : Sum.u64 = 0; SumSQ.u64 = 0; Count.u64 = 0; Min.u64 = 0; Max.u64 = 0; 
 l1cache0.stateEvent_FlushLineInv_IS : Accumulator : Sum.u64 = 0; SumSQ.u64 = 0; Count.u64 = 0; Min.u64 = 0; Max.u64 = 0; 
 l1cache0.stateEvent_FlushLineInv_IM : Accumulator : Sum.u64 = 0; SumSQ.u64 = 0; Count.u64 = 0; Min.u64 = 0; Max.u64 = 0; 
 l1cache0.stateEvent_FlushLineInv_SM : Accumulator : Sum.u64 = 0; SumSQ.u64 = 0; Count.u64 = 0; Min.u64 = 0; Max.u64 = 0; 
 l1cache0.stateEvent_FlushLineInv_IB : Accumulator : Sum.u64 = 0; SumSQ.u64 = 0; Count.u64 = 0; Min.u64 = 0; Max.u64 = 0; 
 l1cache0.stateEvent_FlushLineInv_SB : Accumulator : Sum.u64 = 0; SumSQ.u64 = 0; Count.u64 = 0; Min.u64 = 0; Max.u64 = 0; 
 l1cache0.stateEvent_FlushLineResp_I : Accumulator : Sum.u64 = 0; SumSQ.u64 = 0; Count.u64 = 0; Min.u64 = 0; Max.u64 = 0; 
 l1cache0.stateEvent_FlushLineResp_IB : Accumulator : Sum.u64 = 0; SumSQ.u64 = 0; Count.u64 = 0; Min.u64 = 0; Max.u64 = 0; 
 l1cache0.stateEvent_FlushLineResp_SB : Accumulator : Sum.u64 = 0; SumSQ.u64 = 0; Count.u64 = 0; Min.u64 = 0; Max.u64 = 0; 
 l1cache0.eventSent_GetS : Accumulator : Sum.u64 = 163022; SumSQ.u64 = 163022; Count.u64 = 163022; Min.u64 = 1; Max.u64 = 1; 
 l1cache0.eventSent_GetX : Accumulator : Sum.u64 = 5675; SumSQ.u64 = 5675; Count.u64 = 5675; Min.u64 = 1; Max.u64 = 1; 
 l1cache0.eventSent_GetSX : Accumulator : Sum.u64 = 0; SumSQ.u64 = 0; Count.u64 = 0; Min.u64 = 0; Max.u64 = 0; 
 l1cache0.eventSent_PutM : Accumulator : Sum.u64 = 99914; SumSQ.u64 = 99914; Count.u64 = 99914; Min.u64 = 1; Max.u64 = 1; 
 l1cache0.eventSent_NACK_down : Accumulator : Sum.u64 = 0; SumSQ.u64 = 0; Count.u64 = 0; Min.u64 = 0; Max.u64 = 0; 
 l1cache0.eventSent_FlushLine : Accumulator : Sum.u64 = 0; SumSQ.u64 = 0; Count.u64 = 0; Min.u64 = 0; Max.u64 = 0; 
 l1cache0.eventSent_FlushLineInv : Accumulator : Sum.u64 = 0; SumSQ.u64 = 0; Count.u64 = 0; Min.u64 = 0; Max.u64 = 0; 
 l1cache0.eventSent_FetchResp : Accumulator : Sum.u64 = 0; SumSQ.u64 = 0; Count.u64 = 0; Min.u64 = 0; Max.u64 = 0; 
 l1cache0.eventSent_FetchXResp : Accumulator : Sum.u64 = 0; SumSQ.u64 = 0; Count.u64 = 0; Min.u64 = 0; Max.u64 = 0; 
 l1cache0.eventSent_AckInv : Accumulator : Sum.u64 = 0; SumSQ.u64 = 0; Count.u64 = 0; Min.u64 = 0; Max.u64 = 0; 
 l1cache0.eventSent_GetSResp : Accumulator : Sum.u64 = 100000; SumSQ.u64 = 100000; Count.u64 = 100000; Min.u64 = 1; Max.u64 = 1; 
 l1cache0.eventSent_GetXResp : Accumulator : Sum.u64 = 100000; SumSQ.u64 = 100000; Count.u64 = 100000; Min.u64 = 1; Max.u64 = 1; 
 l1cache0.eventSent_FlushLineResp : Accumulator : Sum.u64 = 0; SumSQ.u64 = 0; Count.u64 = 0; Min.u64 = 0; Max.u64 = 0; 
 l1cache0.stateEvent_AckPut_I : Accumulator : Sum.u64 = 168567; SumSQ.u64 = 168567; Count.u64 = 168567; Min.u64 = 1; Max.u64 = 1; 
 l1cache0.eventSent_PutS : Accumulator : Sum.u64 = 2; SumSQ.u64 = 2; Count.u64 = 2; Min.u64 = 1; Max.u64 = 1; 
 l1cache0.eventSent_PutE : Accumulator : Sum.u64 = 68651; SumSQ.u64 = 68651; Count.u64 = 68651; Min.u64 = 1; Max.u64 = 1; 
 l1cache0.prefetch_evict : Accumulator : Sum.u64 = 62980; SumSQ.u64 = 62980; Count.u64 = 62980; Min.u64 = 1; Max.u64 = 1; 
 l1cache0.prefetch_inv : Accumulator : Sum.u64 = 0; SumSQ.u64 = 0; Count.u64 = 0; Min.u64 = 0; Max.u64 = 0; 
 l1cache0.prefetch_useful : Accumulator : Sum.u64 = 0; SumSQ.u64 = 0; Count.u64 = 0; Min.u64 = 0; Max.u64 = 0; 
 l1cache0.prefetch_coherence_miss : Accumulator : Sum.u64 = 0; SumSQ.u64 = 0; Count.u64 = 0; Min.u64 = 0; Max.u64 = 0; 
 l1cache0.prefetch_redundant : Accumulator : Sum.u64 = 3819; SumSQ.u64 = 3819; Count.u64 = 3819; Min.u64 = 1; Max.u64 = 1; 
 l1cache0.stateEvent_GetS_E : Accumulator : Sum.u64 = 3813; SumSQ.u64 = 3813; Count.u64 = 3813; Min.u64 = 1; Max.u64 = 1; 
 l1cache0.stateEvent_GetX_E : Accumulator : Sum.u64 = 94324; SumSQ.u64 = 94324; Count.u64 = 94324; Min.u64 = 1; Max.u64 = 1; 
 l1cache0.stateEvent_GetSX_E : Accumulator : Sum.u64 = 0; SumSQ.u64 = 0; Count.u64 = 0; Min.u64 = 0; Max.u64 = 0; 
 l1cache0.stateEvent_FlushLine_E : Accumulator : Sum.u64 = 0; SumSQ.u64 = 0; Count.u64 = 0; Min.u64 = 0; Max.u64 = 0; 
 l1cache0.stateEvent_FlushLineInv_E : Accumulator : Sum.u64 = 0; SumSQ.u64 = 0; Count.u64 = 0; Min.u64 = 0; Max.u64 = 0; 
 l1cache0.stateEvent_FetchInv_E : Accumulator : Sum.u64 = 0; SumSQ.u64 = 0; Count.u64 = 0; Min.u64 = 0; Max.u64 = 0; 
 l1cache0.stateEvent_FetchInvX_E : Accumulator : Sum.u64 = 0; SumSQ.u64 = 0; Count.u64 = 0; Min.u64 = 0; Max.u64 = 0; 
 l1cache1.prefetch_opportunities : Accumulator : Sum.u64 = 76090; SumSQ.u64 = 76090; Count.u64 = 76090; Min.u64 = 1; Max.u64 = 1; 
 l1cache1.prefetches_issued : Accumulator : Sum.u64 = 64704; SumSQ.u64 = 64704; Count.u64 = 64704; Min.u64 = 1; Max.u64 = 1; 
 l1cache1.prefetches_canceled_by_page_boundary : Accumulator : Sum.u64 = 1196; SumSQ.u64 = 1196; Count.u64 = 1196; Min.u64 = 1; Max.u64 = 1; 
 l1cache1.prefetches_canceled_by_history : Accumulator : Sum.u64 = 11386; SumSQ.u64 = 11386; Count.u64 = 11386; Min.u64 = 1; Max.u64 = 1; 
 l1cache1.Prefetch_requests : Accumulator : Sum.u64 = 64704; SumSQ.u64 = 64704; Count.u64 = 64704; Min.u64 = 1; Max.u64 = 1; 
 l1cache1.Prefetch_drops : Accumulator : Sum.u64 = 130; SumSQ.u64 = 130; Count.u64 = 130; Min.u64 = 1; Max.u64 = 1; 
 l1cache1.TotalEventsReceived : Accumulator : Sum.u64 = 598577; SumSQ.u64 = 598577; Count.u64 = 598577; Min.u64 = 1; Max.u64 = 1; 
 l1cache1.TotalEventsReplayed : Accumulator : Sum.u64 = 15275; SumSQ.u64 = 15275; Count.u64 = 15275; Min.u64 = 1; Max.u64 = 1; 
 l1cache1.TotalNoncacheableEventsReceived : Accumulator : Sum.u64 = 0; SumSQ.u64 = 0; Count.u64 = 0; Min.u64 = 0; Max.u64 = 0; 
 l1cache1.CacheHits : Accumulator : Sum.u64 = 97575; SumSQ.u64 = 97575; Count.u64 = 97575; Min.u64 = 1; Max.u64 = 1; 
 l1cache1.GetSHit_Arrival : Accumulator : Sum.u64 = 1939; SumSQ.u64 = 1939; Count.u64 = 1939; Min.u64 = 1; Max.u64 = 1; 
 l1cache1.GetXHit_Arrival : Accumulator : Sum.u64 = 95636; SumSQ.u64 = 95636; Count.u64 = 95636; Min.u64 = 1; Max.u64 = 1; 
 l1cache1.GetSXHit_Arrival : Accumulator : Sum.u64 = 0; SumSQ.u64 = 0; Count.u64 = 0; Min.u64 = 0; Max.u64 = 0; 
 l1cache1.GetSHit_Blocked : Accumulator : Sum.u64 = 0; SumSQ.u64 = 0; Count.u64 = 0; Min.u64 = 0; Max.u64 = 0; 
 l1cache1.GetXHit_Blocked : Accumulator : Sum.u64 = 0; SumSQ.u64 = 0; Count.u64 = 0; Min.u64 = 0; Max.u64 = 0; 
 l1cache1.GetSXHit_Blocked : Accumulator : Sum.u64 = 0; SumSQ.u64 = 0; Count.u64 = 0; Min.u64 = 0; Max.u64 = 0; 
 l1cache1.CacheMisses : Accumulator : Sum.u64 = 166999; SumSQ.u64 = 166999; Count.u64 = 166999; Min.u64 = 1; Max.u64 = 1; 
 l1cache1.GetSMiss_Arrival : Accumulator : Sum.u64 = 162635; SumSQ.u64 = 162635; Count.u64 = 162635; Min.u64 = 1; Max.u64 = 1; 
 l1cache1.GetXMiss_Arrival : Accumulator : Sum.u64 = 0; SumSQ.u64 = 0; Count.u64 = 0; Min.u64 = 0; Max.u64 = 0; 
 l1cache1.GetSXMiss_Arrival : Accumulator : Sum.u64 = 0; SumSQ.u64 = 0; Count.u64 = 0; Min.u64 = 0; Max.u64 = 0; 
 l1cache1.GetSMiss_Blocked : Accumulator : Sum.u64 = 0; SumSQ.u64 = 0; Count.u64 = 0; Min.u64 = 0; Max.u64 = 0; 
 l1cache1.GetXMiss_Blocked : Accumulator : Sum.u64 = 4364; SumSQ.u64 = 4364; Count.u64 = 4364; Min.u64 = 1; Max.u64 = 1; 
 l1cache1.GetSXMiss_Blocked : Accumulator : Sum.u64 = 0; SumSQ.u64 = 0; Count.u64 = 0; Min.u64 = 0; Max.u64 = 0; 
 l1cache1.GetS_recv : Accumulator : Sum.u64 = 164704; SumSQ.u64 = 164704; Count.u64 = 164704; Min.u64 = 1; Max.u64 = 1; 
 l1cache1.GetX_recv : Accumulator : Sum.u64 = 100000; SumSQ.u64 = 100000; Count.u64 = 100000; Min.u64 = 1; Max.u64 = 1; 
 l1cache1.GetSX_recv : Accumulator : Sum.u64 = 0; SumSQ.u64 = 0; Count.u64 = 0; Min.u64 = 0; Max.u64 = 0; 
 l1cache1.GetSResp_recv : Accumulator : Sum.u64 = 0; SumSQ.u64 = 0; Count.u64 = 0; Min.u64 = 0; Max.u64 = 0; 
 l1cache1.GetXResp_recv : Accumulator : Sum.u64 = 166998; SumSQ.u64 = 166998; Count.u64 = 166998; Min.u64 = 1; Max.u64 = 1; 
 l1cache1.PutS_recv : Accumulator : Sum.u64 = 0; SumSQ.u64 = 0; Count.u64 = 0; Min.u64 = 0; Max.u64 = 0; 
 l1cache1.PutM_recv : Accumulator : Sum.u64 = 0; SumSQ.u64 = 0; Count.u64 = 0; Min.u64 = 0; Max.u64 = 0; 
 l1cache1.PutE_recv : Accumulator : Sum.u64 = 0; SumSQ.u64 = 0; Count.u64 = 0; Min.u64 = 0; Max.u64 = 0; 
 l1cache1.FetchInv_recv : Accumulator : Sum.u64 = 0; SumSQ.u64 = 0; Count.u64 = 0; Min.u64 = 0; Max.u64 = 0; 
 l1cache1.FetchInvX_recv : Accumulator : Sum.u64 = 4; SumSQ.u64 = 4; Count.u64 = 4; Min.u64 = 1; Max.u64 = 1; 
 l1cache1.Inv_recv : Accumulator : Sum.u64 = 2; SumSQ.u64 = 2; Count.u64 = 2; Min.u64 = 1; Max.u64 = 1; 
 l1cache1.NACK_recv : Accumulator : Sum.u64 = 0; SumSQ.u64 = 0; Count.u64 = 0; Min.u64 = 0; Max.u64 = 0; 
 l1cache1.MSHR_occupancy : Accumulator : Sum.u64 = 27833919; SumSQ.u64 = 783656723; Count.u64 = 1001784; Min.u64 = 0; Max.u64 = 45; 
 l1cache1.Bank_conflicts : Accumulator : Sum.u64 = 0; SumSQ.u64 = 0; Count.u64 = 0; Min.u64 = 0; Max.u64 = 0; 
 l1cache1.evict_I : Accumulator : Sum.u64 = 0; SumSQ.u64 = 0; Count.u64 = 0; Min.u64 = 0; Max.u64 = 0; 
 l1cache1.evict_E : Accumulator : Sum.u64 = 66953; SumSQ.u64 = 66953; Count.u64 = 66953; Min.u64 = 1; Max.u64 = 1; 
 l1cache1.evict_M : Accumulator : Sum.u64 = 99914; SumSQ.u64 = 99914; Count.u64 = 99914; Min.u64 = 1; Max.u64 = 1; 
 l1cache1.evict_IS : Accumulator : Sum.u64 = 0; SumSQ.u64 = 0; Count.u64 = 0; Min.u64 = 0; Max.u64 = 0; 
 l1cache1.evict_IM : Accumulator : Sum.u64 = 0; SumSQ.u64 = 0; Count.u64 = 0; Min.u64 = 0; Max.u64 = 0; 
 l1cache1.evict_IB : Accumulator : Sum.u64 = 0; SumSQ.u64 = 0; Count.u64 = 0; Min.u64 = 0; Max.u64 = 0; 
 l1cache1.evict_SB : Accumulator : Sum.u64 = 0; SumSQ.u64 = 0; Count.u64 = 0; Min.u64 = 0; Max.u64 = 0; 
 l1cache1.latency_GetS_IS : Accumulator : Sum.u64 = 25565228; SumSQ.u64 = 5777458486; Count.u64 = 162634; Min.u64 = 15; Max.u64 = 1813; 
 l1cache1.latency_GetS_M : Accumulator : Sum.u64 = 0; SumSQ.u64 = 0; Count.u64 = 0; Min.u64 = 0; Max.u64 = 0; 
 l1cache1.latency_GetX_IM : Accumulator : Sum.u64 = 2268676; SumSQ.u64 = 1317464528; Count.u64 = 4364; Min.u64 = 86; Max.u64 = 2022; 
 l1cache1.latency_GetX_SM : Accumulator : Sum.u64 = 0; SumSQ.u64 = 0; Count.u64 = 0; Min.u64 = 0; Max.u64 = 0; 
 l1cache1.latency_GetX_M : Accumulator : Sum.u64 = 0; SumSQ.u64 = 0; Count.u64 = 0; Min.u64 = 0; Max.u64 = 0; 
 l1cache1.latency_GetSX_IM : Accumulator : Sum.u64 = 0; SumSQ.u64 = 0; Count.u64 = 0; Min.u64 = 0; Max.u64 = 0; 
 l1cache1.latency_GetSX_SM : Accumulator : Sum.u64 = 0; SumSQ.u64 = 0; Count.u64 = 0; Min.u64 = 0; Max.u64 = 0; 
 l1cache1.latency_GetSX_M : Accumulator : Sum.u64 = 0; SumSQ.u64 = 0; Count.u64 = 0; Min.u64 = 0; Max.u64 = 0; 
 l1cache1.EventStalledForLockedCacheline : Accumulator : Sum.u64 = 0; SumSQ.u64 = 0; Count.u64 = 0; Min.u64 = 0; Max.u64 = 0; 
 l1cache1.evict_S : Accumulator : Sum.u64 = 2; SumSQ.u64 = 2; Count.u64 = 2; Min.u64 = 1; Max.u64 = 1; 
 l1cache1.evict_SM : Accumulator : Sum.u64 = 0; SumSQ.u64 = 0; Count.u64 = 0; Min.u64 = 0; Max.u64 = 0; 
 l1cache1.stateEvent_GetS_I : Accumulator : Sum.u64 = 162635; SumSQ.u64 = 162635; Count.u64 = 162635; Min.u64 = 1; Max.u64 = 1; 
 l1cache1.stateEvent_GetS_S : Accumulator : Sum.u64 = 0; SumSQ.u64 = 0; Count.u64 = 0; Min.u64 = 0; Max.u64 = 0; 
 l1cache1.stateEvent_GetS_M : Accumulator : Sum.u64 = 16; SumSQ.u64 = 16; Count.u64 = 16; Min.u64 = 1; Max.u64 = 1; 
 l1cache1.stateEvent_GetX_I : Accumulator : Sum.u64 = 4364; SumSQ.u64 = 4364; Count.u64 = 4364; Min.u64 = 1; Max.u64 = 1; 
 l1cache1.stateEvent_GetX_S : Accumulator : Sum.u64 = 0; SumSQ.u64 = 0; Count.u64 = 0; Min.u64 = 0; Max.u64 = 0; 
 l1cache1.stateEvent_GetX_M : Accumulator : Sum.u64 = 2; SumSQ.u64 = 2; Count.u64 = 2; Min.u64 = 1; Max.u64 = 1; 
 l1cache1.stateEvent_GetSX_I : Accumulator : Sum.u64 = 0; SumSQ.u64 = 0; Count.u64 = 0; Min.u64 = 0; Max.u64 = 0; 
 l1cache1.stateEvent_GetSX_S : Accumulator : Sum.u64 = 0; SumSQ.u64 = 0; Count.u64 = 0; Min.u64 = 0; Max.u64 = 0; 
 l1cache1.stateEvent_GetSX_M : Accumulator : Sum.u64 = 0; SumSQ.u64 = 0; Count.u64 = 0; Min.u64 = 0; Max.u64 = 0; 
 l1cache1.stateEvent_GetSResp_IS : Accumulator : Sum.u64 = 0; SumSQ.u64 = 0; Count.u64 = 0; Min.u64 = 0; Max.u64 = 0; 
 l1cache1.stateEvent_GetXResp_IS : Accumulator : Sum.u64 = 162634; SumSQ.u64 = 162634; Count.u64 = 162634; Min.u64 = 1; Max.u64 = 1; 
 l1cache1.stateEvent_GetXResp_IM : Accumulator : Sum.u64 = 4364; SumSQ.u64 = 4364; Count.u64 = 4364; Min.u64 = 1; Max.u64 = 1; 
 l1cache1.stateEvent_GetXResp_SM : Accumulator : Sum.u64 = 0; SumSQ.u64 = 0; Count.u64 = 0; Min.u64 = 0; Max.u64 = 0; 
 l1cache1.stateEvent_Inv_I : Accumulator : Sum.u64 = 0; SumSQ.u64 = 0; Count.u64 = 0; Min.u64 = 0; Max.u64 = 0; 
 l1cache1.stateEvent_Inv_S : Accumulator : Sum.u64 = 2; SumSQ.u64 = 2; Count.u64 = 2; Min.u64 = 1; Max.u64 = 1; 
 l1cache1.stateEvent_Inv_IS : Accumulator : Sum.u64 = 0; SumSQ.u64 = 0; Count.u64 = 0; Min.u64 = 0; Max.u64 = 0; 
 l1cache1.stateEvent_Inv_IM : Accumulator : Sum.u64 = 0; SumSQ.u64 = 0; Count.u64 = 0; Min.u64 = 0; Max.u64 = 0; 
 l1cache1.stateEvent_Inv_SM : Accumulator : Sum.u64 = 0; SumSQ.u64 = 0; Count.u64 = 0; Min.u64 = 0; Max.u64 = 0; 
 l1cache1.stateEvent_Inv_SB : Accumulator : Sum.u64 = 0; SumSQ.u64 = 0; Count.u64 = 0; Min.u64 = 0; Max.u64 = 0; 
 l1cache1.stateEvent_Inv_IB : Accumulator : Sum.u64 = 0; SumSQ.u64 = 0; Count.u64 = 0; Min.u64 = 0; Max.u64 = 0; 
 l1cache1.stateEvent_FetchInvX_I : Accumulator : Sum.u64 = 0; SumSQ.u64 = 0; Count.u64 = 0; Min.u64 = 0; Max.u64 = 0; 
 l1cache1.stateEvent_FetchInvX_M : Accumulator : Sum.u64 = 3; SumSQ.u64 = 3; Count.u64 = 3; Min.u64 = 1; Max.u64 = 1; 
 l1cache1.stateEvent_FetchInvX_IS : Accumulator : Sum.u64 = 0; SumSQ.u64 = 0; Count.u64 = 0; Min.u64 = 0; Max.u64 = 0; 
 l1cache1.stateEvent_FetchInvX_IM : Accumulator : Sum.u64 = 0; SumSQ.u64 = 0; Count.u64 = 0; Min.u64 = 0; Max.u64 = 0; 
 l1cache1.stateEvent_FetchInvX_SB : Accumulator : Sum.u64 = 0; SumSQ.u64 = 0; Count.u64 = 0; Min.u64 = 0; Max.u64 = 0; 
 l1cache1.stateEvent_FetchInvX_IB : Accumulator : Sum.u64 = 0; SumSQ.u64 = 0; Count.u64 = 0; Min.u64 = 0; Max.u64 = 0; 
 l1cache1.stateEvent_Fetch_I : Accumulator : Sum.u64 = 0; SumSQ.u64 = 0; Count.u64 = 0; Min.u64 = 0; Max.u64 = 0; 
 l1cache1.stateEvent_Fetch_S : Accumulator : Sum.u64 = 0; SumSQ.u64 = 0; Count.u64 = 0; Min.u64 = 0; Max.u64 = 0; 
 l1cache1.stateEvent_Fetch_IS : Accumulator : Sum.u64 = 0; SumSQ.u64 = 0; Count.u64 = 0; Min.u64 = 0; Max.u64 = 0; 
 l1cache1.stateEvent_Fetch_IM : Accumulator : Sum.u64 = 0; SumSQ.u64 = 0; Count.u64 = 0; Min.u64 = 0; Max.u64 = 0; 
 l1cache1.stateEvent_Fetch_SM : Accumulator : Sum.u64 = 0; SumSQ.u64 = 0; Count.u64 = 0; Min.u64 = 0; Max.u64 = 0; 
 l1cache1.stateEvent_Fetch_IB : Accumulator : Sum.u64 = 0; SumSQ.u64 = 0; Count.u64 = 0; Min.u64 = 0; Max.u64 = 0; 
 l1cache1.stateEvent_Fetch_SB : Accumulator : Sum.u64 = 0; SumSQ.u64 = 0; Count.u64 = 0; Min.u64 = 0; Max.u64 = 0; 
 l1cache1.stateEvent_FetchInv_I : Accumulator : Sum.u64 = 0; SumSQ.u64 = 0; Count.u64 = 0; Min.u64 = 0; Max.u64 = 0; 
 l1cache1.stateEvent_FetchInv_S : Accumulator : Sum.u64 = 0; SumSQ.u64 = 0; Count.u64 = 0; Min.u64 = 0; Max.u64 = 0; 
 l1cache1.stateEvent_FetchInv_M : Accumulator : Sum.u64 = 0; SumSQ.u64 = 0; Count.u64 = 0; Min.u64 = 0; Max.u64 = 0; 
 l1cache1.stateEvent_FetchInv_IS : Accumulator : Sum.u64 = 0; SumSQ.u64 = 0; Count.u64 = 0; Min.u64 = 0; Max.u64 = 0; 
 l1cache1.stateEvent_FetchInv_IM : Accumulator : Sum.u64 = 0; SumSQ.u64 = 0; Count.u64 = 0; Min.u64 = 0; Max.u64 = 0; 
 l1cache1.stateEvent_FetchInv_SM : Accumulator : Sum.u64 = 0; SumSQ.u64 = 0; Count.u64 = 0; Min.u64 = 0; Max.u64 = 0; 
 l1cache1.stateEvent_FetchInv_SB : Accumulator : Sum.u64 = 0; SumSQ.u64 = 0; Count.u64 = 0; Min.u64 = 0; Max.u64 = 0; 
 l1cache1.stateEvent_FetchInv_IB : Accumulator : Sum.u64 = 0; SumSQ.u64 = 0; Count.u64 = 0; Min.u64 = 0; Max.u64 = 0; 
 l1cache1.stateEvent_FlushLine_I : Accumulator : Sum.u64 = 0; SumSQ.u64 = 0; Count.u64 = 0; Min.u64 = 0; Max.u64 = 0; 
 l1cache1.stateEvent_FlushLine_S : Accumulator : Sum.u64 = 0; SumSQ.u64 = 0; Count.u64 = 0; Min.u64 = 0; Max.u64 = 0; 
 l1cache1.stateEvent_FlushLine_M : Accumulator : Sum.u64 = 0; SumSQ.u64 = 0; Count.u64 = 0; Min.u64 = 0; Max.u64 = 0; 
 l1cache1.stateEvent_FlushLine_IS : Accumulator : Sum.u64 = 0; SumSQ.u64 = 0; Count.u64 = 0; Min.u64 = 0; Max.u64 = 0; 
 l1cache1.stateEvent_FlushLine_IM : Accumulator : Sum.u64 = 0; SumSQ.u64 = 0; Count.u64 = 0; Min.u64 = 0; Max.u64 = 0; 
 l1cache1.stateEvent_FlushLine_SM : Accumulator : Sum.u64 = 0; SumSQ.u64 = 0; Count.u64 = 0; Min.u64 = 0; Max.u64 = 0; 
 l1cache1.stateEvent_FlushLine_IB : Accumulator : Sum.u64 = 0; SumSQ.u64 = 0; Count.u64 = 0; Min.u64 = 0; Max.u64 = 0; 
 l1cache1.stateEvent_FlushLine_SB : Accumulator : Sum.u64 = 0; SumSQ.u64 = 0; Count.u64 = 0; Min.u64 = 0; Max.u64 = 0; 
 l1cache1.stateEvent_FlushLineInv_I : Accumulator : Sum.u64 = 0; SumSQ.u64 = 0; Count.u64 = 0; Min.u64 = 0; Max.u64 = 0; 
 l1cache1.stateEvent_FlushLineInv_S : Accumulator : Sum.u64 = 0; SumSQ.u64 = 0; Count.u64 = 0; Min.u64 = 0; Max.u64 = 0; 
 l1cache1.stateEvent_FlushLineInv_M : Accumulator : Sum.u64 = 0; SumSQ.u64 = 0; Count.u64 = 0; Min.u64 = 0; Max.u64 = 0; 
 l1cache1.stateEvent_FlushLineInv_IS : Accumulator : Sum.u64 = 0; SumSQ.u64 = 0; Count.u64 = 0; Min.u64 = 0; Max.u64 = 0; 
 l1cache1.stateEvent_FlushLineInv_IM : Accumulator : Sum.u64 = 0; SumSQ.u64 = 0; Count.u64 = 0; Min.u64 = 0; Max.u64 = 0; 
 l1cache1.stateEvent_FlushLineInv_SM : Accumulator : Sum.u64 = 0; SumSQ.u64 = 0; Count.u64 = 0; Min.u64 = 0; Max.u64 = 0; 
 l1cache1.stateEvent_FlushLineInv_IB : Accumulator : Sum.u64 = 0; SumSQ.u64 = 0; Count.u64 = 0; Min.u64 = 0; Max.u64 = 0; 
 l1cache1.stateEvent_FlushLineInv_SB : Accumulator : Sum.u64 = 0; SumSQ.u64 = 0; Count.u64 = 0; Min.u64 = 0; Max.u64 = 0; 
 l1cache1.stateEvent_FlushLineResp_I : Accumulator : Sum.u64 = 0; SumSQ.u64 = 0; Count.u64 = 0; Min.u64 = 0; Max.u64 = 0; 
 l1cache1.stateEvent_FlushLineResp_IB : Accumulator : Sum.u64 = 0; SumSQ.u64 = 0; Count.u64 = 0; Min.u64 = 0; Max.u64 = 0; 
 l1cache1.stateEvent_FlushLineResp_SB : Accumulator : Sum.u64 = 0; SumSQ.u64 = 0; Count.u64 = 0; Min.u64 = 0; Max.u64 = 0; 
 l1cache1.eventSent_GetS : Accumulator : Sum.u64 = 162635; SumSQ.u64 = 162635; Count.u64 = 162635; Min.u64 = 1; Max.u64 = 1; 
 l1cache1.eventSent_GetX : Accumulator : Sum.u64 = 4364; SumSQ.u64 = 4364; Count.u64 = 4364; Min.u64 = 1; Max.u64 = 1; 
 l1cache1.eventSent_GetSX : Accumulator : Sum.u64 = 0; SumSQ.u64 = 0; Count.u64 = 0; Min.u64 = 0; Max.u64 = 0; 
 l1cache1.eventSent_PutM : Accumulator : Sum.u64 = 99914; SumSQ.u64 = 99914; Count.u64 = 99914; Min.u64 = 1; Max.u64 = 1; 
 l1cache1.eventSent_NACK_down : Accumulator : Sum.u64 = 0; SumSQ.u64 = 0; Count.u64 = 0; Min.u64 = 0; Max.u64 = 0; 
 l1cache1.eventSent_FlushLine : Accumulator : Sum.u64 = 0; SumSQ.u64 = 0; Count.u64 = 0; Min.u64 = 0; Max.u64 = 0; 
 l1cache1.eventSent_FlushLineInv : Accumulator : Sum.u64 = 0; SumSQ.u64 = 0; Count.u64 = 0; Min.u64 = 0; Max.u64 = 0; 
 l1cache1.eventSent_FetchResp : Accumulator : Sum.u64 = 0; SumSQ.u64 = 0; Count.u64 = 0; Min.u64 = 0; Max.u64 = 0; 
 l1cache1.eventSent_FetchXResp : Accumulator : Sum.u64 = 4; SumSQ.u64 = 4; Count.u64 = 4; Min.u64 = 1; Max.u64 = 1; 
 l1cache1.eventSent_AckInv : Accumulator : Sum.u64 = 2; SumSQ.u64 = 2; Count.u64 = 2; Min.u64 = 1; Max.u64 = 1; 
 l1cache1.eventSent_GetSResp : Accumulator : Sum.u64 = 100000; SumSQ.u64 = 100000; Count.u64 = 100000; Min.u64 = 1; Max.u64 = 1; 
 l1cache1.eventSent_GetXResp : Accumulator : Sum.u64 = 100000; SumSQ.u64 = 100000; Count.u64 = 100000; Min.u64 = 1; Max.u64 = 1; 
 l1cache1.eventSent_FlushLineResp : Accumulator : Sum.u64 = 0; SumSQ.u64 = 0; Count.u64 = 0; Min.u64 = 0; Max.u64 = 0; 
 l1cache1.stateEvent_AckPut_I : Accumulator : Sum.u64 = 166869; SumSQ.u64 = 166869; Count.u64 = 166869; Min.u64 = 1; Max.u64 = 1; 
 l1cache1.eventSent_PutS : Accumulator : Sum.u64 = 2; SumSQ.u64 = 2; Count.u64 = 2; Min.u64 = 1; Max.u64 = 1; 
 l1cache1.eventSent_PutE : Accumulator : Sum.u64 = 66953; SumSQ.u64 = 66953; Count.u64 = 66953; Min.u64 = 1; Max.u64 = 1; 
 l1cache1.prefetch_evict : Accumulator : Sum.u64 = 62590; SumSQ.u64 = 62590; Count.u64 = 62590; Min.u64 = 1; Max.u64 = 1; 
 l1cache1.prefetch_inv : Accumulator : Sum.u64 = 0; SumSQ.u64 = 0; Count.u64 = 0; Min.u64 = 0; Max.u64 = 0; 
 l1cache1.prefetch_useful : Accumulator : Sum.u64 = 1; SumSQ.u64 = 1; Count.u64 = 1; Min.u64 = 1; Max.u64 = 1; 
 l1cache1.prefetch_coherence_miss : Accumulator : Sum.u64 = 0; SumSQ.u64 = 0; Count.u64 = 0; Min.u64 = 0; Max.u64 = 0; 
 l1cache1.prefetch_redundant : Accumulator : Sum.u64 = 1936; SumSQ.u64 = 1936; Count.u64 = 1936; Min.u64 = 1; Max.u64 = 1; 
 l1cache1.stateEvent_GetS_E : Accumulator : Sum.u64 = 1923; SumSQ.u64 = 1923; Count.u64 = 1923; Min.u64 = 1; Max.u64 = 1; 
 l1cache1.stateEvent_GetX_E : Accumulator : Sum.u64 = 95634; SumSQ.u64 = 95634; Count.u64 = 95634; Min.u64 = 1; Max.u64 = 1; 
 l1cache1.stateEvent_GetSX_E : Accumulator : Sum.u64 = 0; SumSQ.u64 = 0; Count.u64 = 0; Min.u64 = 0; Max.u64 = 0; 
 l1cache1.stateEvent_FlushLine_E : Accumulator : Sum.u64 = 0; SumSQ.u64 = 0; Count.u64 = 0; Min.u64 = 0; Max.u64 = 0; 
 l1cache1.stateEvent_FlushLineInv_E : Accumulator : Sum.u64 = 0; SumSQ.u64 = 0; Count.u64 = 0; Min.u64 = 0; Max.u64 = 0; 
 l1cache1.stateEvent_FetchInv_E : Accumulator : Sum.u64 = 0; SumSQ.u64 = 0; Count.u64 = 0; Min.u64 = 0; Max.u64 = 0; 
 l1cache1.stateEvent_FetchInvX_E : Accumulator : Sum.u64 = 1; SumSQ.u64 = 1; Count.u64 = 1; Min.u64 = 1; Max.u64 = 1; 
 shogunxbar.output_packet_count.port0 : Accumulator : Sum.u64 = 337264; SumSQ.u64 = 337264; Count.u64 = 337264; Min.u64 = 1; Max.u64 = 1; 
 shogunxbar.input_packet_count.port0 : Accumulator : Sum.u64 = 337264; SumSQ.u64 = 337264; Count.u64 = 337264; Min.u64 = 1; Max.u64 = 1; 
 shogunxbar.output_packet_count.port1 : Accumulator : Sum.u64 = 333873; SumSQ.u64 = 333873; Count.u64 = 333873; Min.u64 = 1; Max.u64 = 1; 
 shogunxbar.input_packet_count.port1 : Accumulator : Sum.u64 = 333874; SumSQ.u64 = 333874; Count.u64 = 333874; Min.u64 = 1; Max.u64 = 1; 
 shogunxbar.output_packet_count.port2 : Accumulator : Sum.u64 = 325113; SumSQ.u64 = 325113; Count.u64 = 325113; Min.u64 = 1; Max.u64 = 1; 
 shogunxbar.input_packet_count.port2 : Accumulator : Sum.u64 = 325112; SumSQ.u64 = 325112; Count.u64 = 325112; Min.u64 = 1; Max.u64 = 1; 
 shogunxbar.output_packet_count.port3 : Accumulator : Sum.u64 = 346025; SumSQ.u64 = 346025; Count.u64 = 346025; Min.u64 = 1; Max.u64 = 1; 
 shogunxbar.input_packet_count.port3 : Accumulator : Sum.u64 = 346025; SumSQ.u64 = 346025; Count.u64 = 346025; Min.u64 = 1; Max.u64 = 1; 
 shogunxbar.packets_moved : Accumulator : Sum.u64 = 1342275; SumSQ.u64 = 3846163; Count.u64 = 500891; Min.u64 = 0; Max.u64 = 4; 
 shogunxbar.cycles_zero_events : Accumulator : Sum.u64 = 0; SumSQ.u64 = 0; Count.u64 = 0; Min.u64 = 0; Max.u64 = 0; 
 shogunxbar.cycles_events : Accumulator : Sum.u64 = 500891; SumSQ.u64 = 500891; Count.u64 = 500891; Min.u64 = 1; Max.u64 = 1; 
Simulation is complete, simulated time: 500.892 us
